// Jest Snapshot v1, https://goo.gl/fbAQLP

exports[`ClearFilter Component should render properly 1`] = `
<ClearFilter>
  <StyledButton
    onClick={[Function]}
    type="submit"
  >
    <button
      className="css-1a38x1d-StyledButton enac65f0"
      onClick={[Function]}
      type="submit"
    >
      clear filter
    </button>
  </StyledButton>
</ClearFilter>
`;
