// Jest Snapshot v1, https://goo.gl/fbAQLP

exports[`Filter Component should render properly 1`] = `
<Filter
  name="foo"
>
  <form
    onSubmit={[Function]}
  >
    <StyledInput
      onChange={[Function]}
      placeholder="set foo"
      type="text"
      value=""
    >
      <input
        className="css-k5oqm0-StyledInput ei529xs0"
        onChange={[Function]}
        placeholder="set foo"
        type="text"
        value=""
      />
    </StyledInput>
    <StyledButton
      type="submit"
    >
      <button
        className="css-1a38x1d-StyledButton enac65f0"
        type="submit"
      >
        set
      </button>
    </StyledButton>
  </form>
</Filter>
`;
